Performing clean build (default)...
Cleaning previous build artifacts (excluding runtime libraries)...
Created build directories: build/obj and build/bin
Incrementing version number...
Debug: Files to compile:
./Optimizer.cpp
./cf_display_frame.cpp
./rm_acquire_spillable_fp_temp_reg.cpp
./rm_release_callee_saved_temp_reg.cpp
./CreateMethodReorderPass.cpp
./DataGenerator.cpp
./rm_acquire_fp_scratch_reg.cpp
./CodeLister.cpp
./CFGBuilderPass.cpp
./Symbol.cpp
./cf_has_local.cpp
./StrengthReductionPass.cpp
./Preprocessor.cpp
./rm_reset_caller_saved_registers.cpp
./PeepholeOptimizer.cpp
./BoundsCheckingPass.cpp
./AST.cpp
./AST_Cloner.cpp
./rm_acquire_fp_reg_for_variable.cpp
./cf_mark_variable_as_float.cpp
./version.cpp
./StringTable.cpp
./cf_debug_print.cpp
./DebugPrinter.cpp
./rm_mark_dirty.cpp
./CallFrameManager.cpp
./lex_scanner.cpp
./pz_parse_statements.cpp
./VectorPairwiseLowerer.cpp
./rm_release_register.cpp
./ExternalFunctionScanner.cpp
./cf_is_float_variable.cpp
./SignalHandler.cpp
./InstructionDecoder.cpp
./rm_acquire_spillable_temp_reg.cpp
./RuntimeImporter.cpp
./rm_acquire_callee_saved_temp_reg.cpp
./lex_utils.cpp
./NewCodeGenerator.cpp
./JITMemoryManager.cpp
./cf_get_offset.cpp
./Lexer.cpp
./Linker.cpp
./LoopInvariantCodeMotionPass.cpp
./cf_add.cpp
./rm_get_dirty_variable_registers.cpp
./rm_get_in_use_callee_saved_registers.cpp
./rm_acquire_reg_for_variable.cpp
./runtime_api.cpp
./ClassPass.cpp
./VectorCodeGen.cpp
./LabelManager.cpp
./rm_get_in_use_fp_caller_saved_registers.cpp
./RegisterManager.cpp
./cf_generate_epilogue.cpp
./pz_parse_declarations.cpp
./rm_get_in_use_fp_callee_saved_registers.cpp
./rm_is_dirty.cpp
./InstructionComparator.cpp
./lex_operator.cpp
./LivenessAnalysisPass.cpp
./RuntimeManager.cpp
./SymbolLogger.cpp
./SymbolTable.cpp
./Reducer.cpp
./destructors.cpp
./AssemblerData.cpp
./InstructionStream.cpp
./rm_get_in_use_caller_saved_registers.cpp
./cf_generate_prologue.cpp
./PeepholePatterns.cpp
./rm_release_fp_register.cpp
./lex_tokens.cpp
./AssemblyWriter.cpp
./JITExecutor.cpp
./CodeBuffer.cpp
./rm_release_scratch_reg.cpp
./cf_align_to_16.cpp
./BasicBlock.cpp
./LocalOptimizationPass.cpp
./SuperCallTransformationPass.cpp
./ClassTable.cpp
./SignalSafeUtils.cpp
./pz_parse_expressions.cpp
./BitPatcher.cpp
./ControlFlowGraph.cpp
./StringLiteralLiftingPass.cpp
./CommonSubexpressionEliminationPass.cpp
./dg_add_list_literal.cpp
./ConstantFoldingPass.cpp
./Parser.cpp
./Encoder.cpp
./rm_release_reg_for_variable.cpp
./cf_get_x29_spill_slot_offset.cpp
./VeneerManager.cpp
encoders/enc_create_branch_with_link.cpp
encoders/opt_create_ubfx.cpp
encoders/create_movz_imm.cpp
encoders/enc_create_mul_vector_reg.cpp
encoders/enc_create_fminp_vector_reg.cpp
encoders/enc_create_fdiv_vector_reg.cpp
encoders/enc_create_csetm.cpp
encoders/create_sub_reg.cpp
encoders/enc_create_add_literal.cpp
encoders/enc_create_ldp_imm.cpp
encoders/enc_create_movz_movk_jit_addr.cpp
encoders/enc_create_brk.cpp
encoders/enc_get_cond_encoding.cpp
encoders/enc_create_ld1_vector_reg.cpp
encoders/enc_create_fmul_vector_reg.cpp
encoders/enc_create_return.cpp
encoders/enc_create_str_fp_imm.cpp
encoders/enc_create_fcvtzs_reg.cpp
encoders/create_cmp_reg.cpp
encoders/enc_create_fmin_vector_reg.cpp
encoders/create_orr_reg.cpp
encoders/enc_create_add_imm.cpp
encoders/enc_create_mvn_reg.cpp
encoders/create_and_reg.cpp
encoders/enc_create_uzp1_vector_reg.cpp
encoders/create_add_reg.cpp
encoders/enc_create_smax_vector_reg.cpp
encoders/enc_create_csetm_ne.cpp
encoders/enc_create_add_literal_with_offset.cpp
encoders/opt_create_and_imm.cpp
encoders/enc_create_fmov_w_to_s.cpp
encoders/enc_create_br_reg.cpp
encoders/enc_create_branch_unconditional.cpp
encoders/opt_create_orr_imm.cpp
encoders/enc_create_csetm_eq.cpp
encoders/enc_create_cset_eq.cpp
encoders/create_sub_imm.cpp
encoders/enc_create_ldp_pre_imm.cpp
encoders/opt_create_sbfx.cpp
encoders/enc_create_ldr_fp_imm.cpp
encoders/enc_create_fsub_reg.cpp
encoders/enc_create_fdiv_reg.cpp
encoders/enc_create_fsqrt_reg.cpp
encoders/enc_create_str_vec_imm.cpp
encoders/enc_create_fmaxp_vector_reg.cpp
encoders/enc_create_scvtf_reg.cpp
encoders/enc_create_fsub_vector_reg.cpp
encoders/enc_create_ldr_imm.cpp
encoders/enc_create_add_vector_reg.cpp
encoders/enc_create_fadd_reg.cpp
encoders/enc_create_movz_movk_abs64.cpp
encoders/enc_create_fadd_vector_reg.cpp
encoders/enc_create_fcmp_reg.cpp
encoders/enc_create_uzp2_vector_reg.cpp
encoders/enc_create_ldr_scaled_reg_64bit.cpp
encoders/enc_create_dup_scalar.cpp
encoders/create_cmp_imm.cpp
encoders/enc_get_reg_encoding.cpp
encoders/enc_create_sub_vector_reg.cpp
encoders/enc_create_adr_with_offset.cpp
encoders/enc_create_fmax_vector_reg.cpp
encoders/enc_create_stp_imm.cpp
encoders/enc_get_condition_code.cpp
encoders/enc_create_ldrb_imm.cpp
encoders/enc_create_ldr_vec_imm.cpp
encoders/enc_create_branch_with_link_register.cpp
encoders/enc_create_fmov_x_to_d.cpp
encoders/enc_create_ldp_post_imm.cpp
encoders/opt_create_fmsub.cpp
encoders/create_lsl_reg.cpp
encoders/opt_create_asr_imm.cpp
encoders/enc_create_nop.cpp
encoders/enc_create_svc_imm.cpp
encoders/enc_create_smin_vector_reg.cpp
encoders/opt_create_encode_bitmask_immediate.cpp
encoders/enc_create_fneg_reg.cpp
encoders/enc_create_branch_conditional.cpp
encoders/enc_create_addp_vector_reg.cpp
encoders/enc_create_fmov_s_to_w.cpp
encoders/enc_create_mov_fp_sp.cpp
encoders/opt_create_csinv.cpp
encoders/opt_create_cbz.cpp
encoders/opt_create_cbnz.cpp
encoders/enc_create_mov_sp_fp.cpp
encoders/opt_create_fmadd.cpp
encoders/enc_create_fmov_reg.cpp
encoders/opt_create_add_shifted_reg.cpp
encoders/create_mul_reg.cpp
encoders/opt_create_eor_imm.cpp
encoders/enc_create_str_word_imm.cpp
encoders/create_sdiv_reg.cpp
encoders/enc_create_fcvt_d_to_s.cpp
encoders/enc_create_stp_pre_imm.cpp
encoders/enc_create_fcvtms_reg.cpp
encoders/enc_create_dmb.cpp
encoders/enc_create_faddp_vector_reg.cpp
encoders/Encoder_canEncodeAsImmediate.cpp
encoders/create_movk_imm.cpp
encoders/create_lsl_imm.cpp
encoders/opt_create_asr_reg.cpp
encoders/enc_create_fmla_vector_reg.cpp
encoders/enc_create_sminp_vector_reg.cpp
encoders/enc_create_fmov_d_to_x.cpp
encoders/enc_create_adrp.cpp
encoders/create_eor_reg.cpp
encoders/enc_create_str_imm.cpp
encoders/create_mov_reg.cpp
encoders/enc_create_fmul_reg.cpp
encoders/create_lsr_reg.cpp
encoders/enc_create_cset.cpp
encoders/enc_create_movz_movk_relocatable_symbol.cpp
encoders/enc_create_st1_vector_reg.cpp
encoders/enc_create_directive.cpp
encoders/enc_create_ldr_word_imm.cpp
encoders/opt_create_lsl_imm.cpp
passes/CFGSimplificationPass.cpp
passes/GlobalInitializerPass.cpp
passes/ManifestResolutionPass.cpp
passes/MethodInliningPass.cpp
passes/ShortCircuitPass.cpp
linker_helpers/linker_apply_movz_movk_relocation.cpp
linker_helpers/linker_apply_pc_relative_relocation.cpp
codegen/neon_reducers/arm64_faddp_encoders.cpp
codegen/neon_reducers/arm64_sminp_encoders.cpp
codegen/neon_reducers/NeonReducerRegistry.cpp
codegen/neon_reducers/arm64_fmaxp_encoders.cpp
codegen/neon_reducers/arm64_addp_encoders.cpp
codegen/neon_reducers/arm64_fminp_encoders.cpp
modules/PairReducerModule.cpp
testing/encoder_validation/EncoderTester.cpp
testing/encoder_validation/TestableEncoders.cpp
./cf_display_frame.cpp
./cf_has_local.cpp
./cf_mark_variable_as_float.cpp
./cf_debug_print.cpp
./cf_is_float_variable.cpp
./cf_get_offset.cpp
./cf_add.cpp
./cf_generate_epilogue.cpp
./cf_generate_prologue.cpp
./cf_align_to_16.cpp
./cf_get_x29_spill_slot_offset.cpp
./rm_acquire_spillable_fp_temp_reg.cpp
./rm_release_callee_saved_temp_reg.cpp
./rm_acquire_fp_scratch_reg.cpp
./rm_reset_caller_saved_registers.cpp
./rm_acquire_fp_reg_for_variable.cpp
./rm_mark_dirty.cpp
./rm_release_register.cpp
./rm_acquire_spillable_temp_reg.cpp
./rm_acquire_callee_saved_temp_reg.cpp
./rm_get_dirty_variable_registers.cpp
./rm_get_in_use_callee_saved_registers.cpp
./rm_acquire_reg_for_variable.cpp
./rm_get_in_use_fp_caller_saved_registers.cpp
./rm_get_in_use_fp_callee_saved_registers.cpp
./rm_is_dirty.cpp
./rm_get_in_use_caller_saved_registers.cpp
./rm_release_fp_register.cpp
./rm_release_scratch_reg.cpp
./rm_release_reg_for_variable.cpp
./dg_add_list_literal.cpp
format/CodeFormatter.cpp
InstructionDecoder.cpp
main.cpp
generators/gen_LabelDeclaration.cpp
generators/gen_get_variable_register.cpp
generators/gen_QuadAccessExpression.cpp
generators/gen_BreakStatement.cpp
generators/gen_ForStatement.cpp
generators/gen_MemberAccessExpression.cpp
generators/gen_FQuadsAllocationExpression.cpp
generators/gen_ConditionalExpression.cpp
generators/gen_VecAllocationExpression.cpp
generators/gen_FOctExpression.cpp
generators/gen_BlockStatement.cpp
generators/gen_FunctionDeclaration.cpp
generators/gen_GotoStatement.cpp
generators/gen_AssignmentStatement.cpp
generators/gen_FPairsAllocationExpression.cpp
generators/gen_PairAccessExpression.cpp
generators/gen_UnaryOp.cpp
generators/gen_store_variable_register.cpp
generators/gen_StringLiteral.cpp
generators/gen_ConditionalBranchStatement.cpp
generators/gen_FVecAllocationExpression.cpp
generators/gen_LaneAccessExpression.cpp
generators/gen_FunctionCall.cpp
generators/gen_NumberLiteral.cpp
generators/gen_PairsAllocationExpression.cpp
generators/gen_PairExpression.cpp
generators/gen_RoutineCallStatement.cpp
generators/gen_QuadExpression.cpp
generators/gen_ResultisStatement.cpp
generators/gen_QuadsAllocationExpression.cpp
generators/gen_FOctsAllocationExpression.cpp
generators/gen_GlobalDeclaration.cpp
generators/gen_CharIndirection.cpp
generators/gen_FPairExpression.cpp
generators/gen_FQuadExpression.cpp
generators/gen_BooleanLiteral.cpp
generators/gen_SwitchonStatement.cpp
generators/gen_StaticDeclaration.cpp
generators/gen_UnlessStatement.cpp
generators/gen_ListExpression.cpp
generators/gen_OctsAllocationExpression.cpp
generators/gen_OctExpression.cpp
generators/gen_VectorAccess.cpp
generators/gen_CharLiteral.cpp
generators/gen_ManifestDeclaration.cpp
generators/gen_VariableAccess.cpp
generators/gen_VecInitializerExpression.cpp
generators/gen_FloatValofExpression.cpp
generators/gen_local_value_tracking.cpp
generators/gen_ValofExpression.cpp
generators/gen_RoutineDeclaration.cpp
generators/gen_ReturnStatement.cpp
generators/gen_RepeatStatement.cpp
generators/gen_Program.cpp
generators/gen_UntilStatement.cpp
generators/gen_StringStatement.cpp
generators/gen_NullLiteral.cpp
generators/gen_CompoundStatement.cpp
generators/gen_FQuadAccessExpression.cpp
generators/gen_LabelTargetStatement.cpp
generators/gen_BrkStatement.cpp
generators/gen_StringAllocationExpression.cpp
generators/gen_PairwiseReductionLoopStatement_registry.cpp
generators/gen_LoopStatement.cpp
generators/gen_CaseStatement.cpp
generators/gen_DefaultStatement.cpp
generators/gen_FloatVectorIndirection.cpp
generators/gen_IfStatement.cpp
generators/gen_FinishStatement.cpp
generators/helpers/gen_coerce_to_arg.cpp
generators/gen_TableExpression.cpp
generators/gen_WhileStatement.cpp
generators/gen_FreeStatement.cpp
generators/gen_Syscall.cpp
generators/gen_FPairAccessExpression.cpp
generators/gen_TestStatement.cpp
generators/gen_LetDeclaration.cpp
generators/gen_EndcaseStatement.cpp
generators/helpers/gen_coerce_to_arg.cpp
generators/helpers/is_float_function_call.cpp
analysis/SymbolDiscoveryPass.cpp
analysis/SymbolTableBuilder.cpp
analysis/Visitors/VariableUsageVisitor.cpp
analysis/SignatureAnalysisVisitor.cpp
analysis/StatelessTypeInference.cpp
analysis/TemporaryVariableFactory.cpp
analysis/az_impl/az_visit_VectorAccess.cpp
analysis/az_impl/az_visit_DefaultStatement.cpp
analysis/az_impl/az_print_report.cpp
analysis/az_impl/az_visit_RoutineCallStatement.cpp
analysis/az_impl/az_visit_CaseStatement.cpp
analysis/az_impl/az_visit_RoutineDeclaration.cpp
analysis/az_impl/az_visit_LaneAccessExpression.cpp
analysis/az_impl/az_visit_TestStatement.cpp
analysis/az_impl/az_first_pass_discover_functions.cpp
analysis/az_impl/az_visit_FreeStatement.cpp
analysis/az_impl/az_visit_Program.cpp
analysis/az_impl/az_visit_VecAllocationExpression.cpp
analysis/az_impl/az_visit_FloatVectorIndirection.cpp
analysis/az_impl/az_visit_FunctionDeclaration.cpp
analysis/az_impl/az_is_local_function.cpp
analysis/az_impl/az_visit_AssignmentStatement.cpp
analysis/az_impl/az_visit_QuadExpression.cpp
analysis/az_impl/az_visit_PairExpression.cpp
analysis/az_impl/az_visit_NewExpression.cpp
analysis/az_impl/az_visit_StringAllocationExpression.cpp
analysis/az_impl/az_visit_OctExpression.cpp
analysis/az_impl/ASTAnalyzer.cpp
analysis/az_impl/az_visit_ConditionalExpression.cpp
analysis/az_impl/az_visit_PairAccessExpression.cpp
analysis/az_impl/az_visit_BinaryOp.cpp
analysis/az_impl/az_visit_FVecAllocationExpression.cpp
analysis/az_impl/az_visit_CompoundStatement.cpp
analysis/az_impl/az_is_leaf_function.cpp
analysis/az_impl/az_visit_UnlessStatement.cpp
analysis/az_impl/az_visit_BlockStatement.cpp
analysis/az_impl/az_visit_StringStatement.cpp
analysis/az_impl/az_get_for_statement.cpp
analysis/az_impl/az_visit_SysCall.cpp
analysis/az_impl/az_get_effective_variable_name.cpp
analysis/az_impl/az_visit_SwitchonStatement.cpp
analysis/az_impl/az_visit_RepeatStatement.cpp
analysis/az_impl/az_visit_ValofExpression.cpp
analysis/az_impl/az_visit_FOctExpression.cpp
analysis/az_impl/az_visit_QuadAccessExpression.cpp
analysis/az_impl/az_visit_ForStatement.cpp
analysis/az_impl/az_reset_state.cpp
analysis/az_impl/az_process_class_methods.cpp
analysis/az_impl/az_is_local_routine.cpp
analysis/az_impl/az_transform_let_declarations.cpp
analysis/az_impl/az_visit_FPairAccessExpression.cpp
analysis/az_impl/az_visit_GlobalDeclaration.cpp
analysis/az_impl/az_transform.cpp
analysis/az_impl/az_visit_ResultisStatement.cpp
analysis/az_impl/az_visit_ManifestDeclaration.cpp
analysis/az_impl/az_visit_FQuadAccessExpression.cpp
analysis/az_impl/az_visit_FQuadExpression.cpp
analysis/az_impl/az_visit_FPairExpression.cpp
analysis/az_impl/az_visit_CharIndirection.cpp
analysis/az_impl/az_visit_LetDeclaration.cpp
analysis/az_impl/az_trivial_accessor.cpp
analysis/az_impl/az_function_accesses_globals.cpp
analysis/az_impl/az_visit_ConditionalBranchStatement.cpp
analysis/az_impl/az_analyze_register_usage.cpp
analysis/az_impl/az_visit_WhileStatement.cpp
analysis/az_impl/az_visit_LabelTargetStatement.cpp
analysis/az_impl/az_visit_IfStatement.cpp
analysis/az_impl/az_visit_FunctionCall.cpp
analysis/az_impl/az_visit_MemberAccessExpression.cpp
analysis/az_impl/az_visit_UnaryOp.cpp
analysis/az_impl/az_visit_UntilStatement.cpp
analysis/az_impl/az_analyze.cpp
analysis/az_impl/az_visit_VariableAccess.cpp
analysis/az_impl/az_visit_class.cpp
analysis/RetainAnalysisPass.cpp
analysis/LinearScanAllocator.cpp
analysis/LiveIntervalPass.cpp
lex_operator.cpp
lex_scanner.cpp
lex_tokens.cpp
lex_utils.cpp
HeapManager/Heap_dumpHeapSignalSafe.cpp
HeapManager/Heap_resizeVec.cpp
HeapManager/Heap_allocObject.cpp
HeapManager/HeapManager.cpp
HeapManager/Heap_allocString.cpp
HeapManager/heap_c_wrappers.cpp
HeapManager/Heap_dumpHeap.cpp
HeapManager/Heap_resizeString.cpp
HeapManager/Heap_free.cpp
HeapManager/Heap_allocList.cpp
HeapManager/Heap_printMetrics.cpp
HeapManager/heap_manager_globals.cpp
HeapManager/Heap_allocVec.cpp
./live_analyze_block.cpp
./live_get_out_set.cpp
./live_compute_use_def_sets.cpp
./live_get_in_set.cpp
./live_run_data_flow_analysis.cpp
./live_print_results.cpp
./live_run.cpp
./SignalSafeUtils.cpp
./SignalHandler.cpp
optimizer/patterns/AddressFusion.cpp
optimizer/patterns/AddFolding.cpp
optimizer/patterns/ConstantFolding.cpp
optimizer/patterns/ControlFlow.cpp
optimizer/patterns/MemoryOptimization.cpp
optimizer/patterns/StrengthReduction.cpp
Compiling source files (debug enabled, clang++)...
Debug: Starting compilation for the following files:
./Optimizer.cpp
./cf_display_frame.cpp
./rm_acquire_spillable_fp_temp_reg.cpp
./rm_release_callee_saved_temp_reg.cpp
./CreateMethodReorderPass.cpp
./DataGenerator.cpp
./rm_acquire_fp_scratch_reg.cpp
./CodeLister.cpp
./CFGBuilderPass.cpp
./Symbol.cpp
./cf_has_local.cpp
./StrengthReductionPass.cpp
./Preprocessor.cpp
./rm_reset_caller_saved_registers.cpp
./PeepholeOptimizer.cpp
./BoundsCheckingPass.cpp
./AST.cpp
./AST_Cloner.cpp
./rm_acquire_fp_reg_for_variable.cpp
./cf_mark_variable_as_float.cpp
./version.cpp
./StringTable.cpp
./cf_debug_print.cpp
./DebugPrinter.cpp
./rm_mark_dirty.cpp
./CallFrameManager.cpp
./lex_scanner.cpp
./pz_parse_statements.cpp
./VectorPairwiseLowerer.cpp
./rm_release_register.cpp
./ExternalFunctionScanner.cpp
./cf_is_float_variable.cpp
./SignalHandler.cpp
./InstructionDecoder.cpp
./rm_acquire_spillable_temp_reg.cpp
./RuntimeImporter.cpp
./rm_acquire_callee_saved_temp_reg.cpp
./lex_utils.cpp
./NewCodeGenerator.cpp
./JITMemoryManager.cpp
./cf_get_offset.cpp
./Lexer.cpp
./Linker.cpp
./LoopInvariantCodeMotionPass.cpp
./cf_add.cpp
./rm_get_dirty_variable_registers.cpp
./rm_get_in_use_callee_saved_registers.cpp
./rm_acquire_reg_for_variable.cpp
./runtime_api.cpp
./ClassPass.cpp
./VectorCodeGen.cpp
./LabelManager.cpp
./rm_get_in_use_fp_caller_saved_registers.cpp
./RegisterManager.cpp
./cf_generate_epilogue.cpp
./pz_parse_declarations.cpp
./rm_get_in_use_fp_callee_saved_registers.cpp
./rm_is_dirty.cpp
./InstructionComparator.cpp
./lex_operator.cpp
./LivenessAnalysisPass.cpp
./RuntimeManager.cpp
./SymbolLogger.cpp
./SymbolTable.cpp
./Reducer.cpp
./destructors.cpp
./AssemblerData.cpp
./InstructionStream.cpp
./rm_get_in_use_caller_saved_registers.cpp
./cf_generate_prologue.cpp
./PeepholePatterns.cpp
./rm_release_fp_register.cpp
./lex_tokens.cpp
./AssemblyWriter.cpp
./JITExecutor.cpp
./CodeBuffer.cpp
./rm_release_scratch_reg.cpp
./cf_align_to_16.cpp
./BasicBlock.cpp
./LocalOptimizationPass.cpp
./SuperCallTransformationPass.cpp
./ClassTable.cpp
./SignalSafeUtils.cpp
./pz_parse_expressions.cpp
./BitPatcher.cpp
./ControlFlowGraph.cpp
./StringLiteralLiftingPass.cpp
./CommonSubexpressionEliminationPass.cpp
./dg_add_list_literal.cpp
./ConstantFoldingPass.cpp
./Parser.cpp
./Encoder.cpp
./rm_release_reg_for_variable.cpp
./cf_get_x29_spill_slot_offset.cpp
./VeneerManager.cpp
encoders/enc_create_branch_with_link.cpp
encoders/opt_create_ubfx.cpp
encoders/create_movz_imm.cpp
encoders/enc_create_mul_vector_reg.cpp
encoders/enc_create_fminp_vector_reg.cpp
encoders/enc_create_fdiv_vector_reg.cpp
encoders/enc_create_csetm.cpp
encoders/create_sub_reg.cpp
encoders/enc_create_add_literal.cpp
encoders/enc_create_ldp_imm.cpp
encoders/enc_create_movz_movk_jit_addr.cpp
encoders/enc_create_brk.cpp
encoders/enc_get_cond_encoding.cpp
encoders/enc_create_ld1_vector_reg.cpp
encoders/enc_create_fmul_vector_reg.cpp
encoders/enc_create_return.cpp
encoders/enc_create_str_fp_imm.cpp
encoders/enc_create_fcvtzs_reg.cpp
encoders/create_cmp_reg.cpp
encoders/enc_create_fmin_vector_reg.cpp
encoders/create_orr_reg.cpp
encoders/enc_create_add_imm.cpp
encoders/enc_create_mvn_reg.cpp
encoders/create_and_reg.cpp
encoders/enc_create_uzp1_vector_reg.cpp
encoders/create_add_reg.cpp
encoders/enc_create_smax_vector_reg.cpp
encoders/enc_create_csetm_ne.cpp
encoders/enc_create_add_literal_with_offset.cpp
encoders/opt_create_and_imm.cpp
encoders/enc_create_fmov_w_to_s.cpp
encoders/enc_create_br_reg.cpp
encoders/enc_create_branch_unconditional.cpp
encoders/opt_create_orr_imm.cpp
encoders/enc_create_csetm_eq.cpp
encoders/enc_create_cset_eq.cpp
encoders/create_sub_imm.cpp
encoders/enc_create_ldp_pre_imm.cpp
encoders/opt_create_sbfx.cpp
encoders/enc_create_ldr_fp_imm.cpp
encoders/enc_create_fsub_reg.cpp
encoders/enc_create_fdiv_reg.cpp
encoders/enc_create_fsqrt_reg.cpp
encoders/enc_create_str_vec_imm.cpp
encoders/enc_create_fmaxp_vector_reg.cpp
encoders/enc_create_scvtf_reg.cpp
encoders/enc_create_fsub_vector_reg.cpp
encoders/enc_create_ldr_imm.cpp
encoders/enc_create_add_vector_reg.cpp
encoders/enc_create_fadd_reg.cpp
encoders/enc_create_movz_movk_abs64.cpp
encoders/enc_create_fadd_vector_reg.cpp
encoders/enc_create_fcmp_reg.cpp
encoders/enc_create_uzp2_vector_reg.cpp
encoders/enc_create_ldr_scaled_reg_64bit.cpp
encoders/enc_create_dup_scalar.cpp
encoders/create_cmp_imm.cpp
encoders/enc_get_reg_encoding.cpp
encoders/enc_create_sub_vector_reg.cpp
encoders/enc_create_adr_with_offset.cpp
encoders/enc_create_fmax_vector_reg.cpp
encoders/enc_create_stp_imm.cpp
encoders/enc_get_condition_code.cpp
encoders/enc_create_ldrb_imm.cpp
encoders/enc_create_ldr_vec_imm.cpp
encoders/enc_create_branch_with_link_register.cpp
encoders/enc_create_fmov_x_to_d.cpp
encoders/enc_create_ldp_post_imm.cpp
encoders/opt_create_fmsub.cpp
encoders/create_lsl_reg.cpp
encoders/opt_create_asr_imm.cpp
encoders/enc_create_nop.cpp
encoders/enc_create_svc_imm.cpp
encoders/enc_create_smin_vector_reg.cpp
encoders/opt_create_encode_bitmask_immediate.cpp
encoders/enc_create_fneg_reg.cpp
encoders/enc_create_branch_conditional.cpp
encoders/enc_create_addp_vector_reg.cpp
encoders/enc_create_fmov_s_to_w.cpp
encoders/enc_create_mov_fp_sp.cpp
encoders/opt_create_csinv.cpp
encoders/opt_create_cbz.cpp
encoders/opt_create_cbnz.cpp
encoders/enc_create_mov_sp_fp.cpp
encoders/opt_create_fmadd.cpp
encoders/enc_create_fmov_reg.cpp
encoders/opt_create_add_shifted_reg.cpp
encoders/create_mul_reg.cpp
encoders/opt_create_eor_imm.cpp
encoders/enc_create_str_word_imm.cpp
encoders/create_sdiv_reg.cpp
encoders/enc_create_fcvt_d_to_s.cpp
encoders/enc_create_stp_pre_imm.cpp
encoders/enc_create_fcvtms_reg.cpp
encoders/enc_create_dmb.cpp
encoders/enc_create_faddp_vector_reg.cpp
encoders/Encoder_canEncodeAsImmediate.cpp
encoders/create_movk_imm.cpp
encoders/create_lsl_imm.cpp
encoders/opt_create_asr_reg.cpp
encoders/enc_create_fmla_vector_reg.cpp
encoders/enc_create_sminp_vector_reg.cpp
encoders/enc_create_fmov_d_to_x.cpp
encoders/enc_create_adrp.cpp
encoders/create_eor_reg.cpp
encoders/enc_create_str_imm.cpp
encoders/create_mov_reg.cpp
encoders/enc_create_fmul_reg.cpp
encoders/create_lsr_reg.cpp
encoders/enc_create_cset.cpp
encoders/enc_create_movz_movk_relocatable_symbol.cpp
encoders/enc_create_st1_vector_reg.cpp
encoders/enc_create_directive.cpp
encoders/enc_create_ldr_word_imm.cpp
encoders/opt_create_lsl_imm.cpp
passes/CFGSimplificationPass.cpp
passes/GlobalInitializerPass.cpp
passes/ManifestResolutionPass.cpp
passes/MethodInliningPass.cpp
passes/ShortCircuitPass.cpp
linker_helpers/linker_apply_movz_movk_relocation.cpp
linker_helpers/linker_apply_pc_relative_relocation.cpp
codegen/neon_reducers/arm64_faddp_encoders.cpp
codegen/neon_reducers/arm64_sminp_encoders.cpp
codegen/neon_reducers/NeonReducerRegistry.cpp
codegen/neon_reducers/arm64_fmaxp_encoders.cpp
codegen/neon_reducers/arm64_addp_encoders.cpp
codegen/neon_reducers/arm64_fminp_encoders.cpp
modules/PairReducerModule.cpp
testing/encoder_validation/EncoderTester.cpp
testing/encoder_validation/TestableEncoders.cpp
./cf_display_frame.cpp
./cf_has_local.cpp
./cf_mark_variable_as_float.cpp
./cf_debug_print.cpp
./cf_is_float_variable.cpp
./cf_get_offset.cpp
./cf_add.cpp
./cf_generate_epilogue.cpp
./cf_generate_prologue.cpp
./cf_align_to_16.cpp
./cf_get_x29_spill_slot_offset.cpp
./rm_acquire_spillable_fp_temp_reg.cpp
./rm_release_callee_saved_temp_reg.cpp
./rm_acquire_fp_scratch_reg.cpp
./rm_reset_caller_saved_registers.cpp
./rm_acquire_fp_reg_for_variable.cpp
./rm_mark_dirty.cpp
./rm_release_register.cpp
./rm_acquire_spillable_temp_reg.cpp
./rm_acquire_callee_saved_temp_reg.cpp
./rm_get_dirty_variable_registers.cpp
./rm_get_in_use_callee_saved_registers.cpp
./rm_acquire_reg_for_variable.cpp
./rm_get_in_use_fp_caller_saved_registers.cpp
./rm_get_in_use_fp_callee_saved_registers.cpp
./rm_is_dirty.cpp
./rm_get_in_use_caller_saved_registers.cpp
./rm_release_fp_register.cpp
./rm_release_scratch_reg.cpp
./rm_release_reg_for_variable.cpp
./dg_add_list_literal.cpp
format/CodeFormatter.cpp
InstructionDecoder.cpp
main.cpp
generators/gen_LabelDeclaration.cpp
generators/gen_get_variable_register.cpp
generators/gen_QuadAccessExpression.cpp
generators/gen_BreakStatement.cpp
generators/gen_ForStatement.cpp
generators/gen_MemberAccessExpression.cpp
generators/gen_FQuadsAllocationExpression.cpp
generators/gen_ConditionalExpression.cpp
generators/gen_VecAllocationExpression.cpp
generators/gen_FOctExpression.cpp
generators/gen_BlockStatement.cpp
generators/gen_FunctionDeclaration.cpp
generators/gen_GotoStatement.cpp
generators/gen_AssignmentStatement.cpp
generators/gen_FPairsAllocationExpression.cpp
generators/gen_PairAccessExpression.cpp
generators/gen_UnaryOp.cpp
generators/gen_store_variable_register.cpp
generators/gen_StringLiteral.cpp
generators/gen_ConditionalBranchStatement.cpp
generators/gen_FVecAllocationExpression.cpp
generators/gen_LaneAccessExpression.cpp
generators/gen_FunctionCall.cpp
generators/gen_NumberLiteral.cpp
generators/gen_PairsAllocationExpression.cpp
generators/gen_PairExpression.cpp
generators/gen_RoutineCallStatement.cpp
generators/gen_QuadExpression.cpp
generators/gen_ResultisStatement.cpp
generators/gen_QuadsAllocationExpression.cpp
generators/gen_FOctsAllocationExpression.cpp
generators/gen_GlobalDeclaration.cpp
generators/gen_CharIndirection.cpp
generators/gen_FPairExpression.cpp
generators/gen_FQuadExpression.cpp
generators/gen_BooleanLiteral.cpp
generators/gen_SwitchonStatement.cpp
generators/gen_StaticDeclaration.cpp
generators/gen_UnlessStatement.cpp
generators/gen_ListExpression.cpp
generators/gen_OctsAllocationExpression.cpp
generators/gen_OctExpression.cpp
generators/gen_VectorAccess.cpp
generators/gen_CharLiteral.cpp
generators/gen_ManifestDeclaration.cpp
generators/gen_VariableAccess.cpp
generators/gen_VecInitializerExpression.cpp
generators/gen_FloatValofExpression.cpp
generators/gen_local_value_tracking.cpp
generators/gen_ValofExpression.cpp
generators/gen_RoutineDeclaration.cpp
generators/gen_ReturnStatement.cpp
generators/gen_RepeatStatement.cpp
generators/gen_Program.cpp
generators/gen_UntilStatement.cpp
generators/gen_StringStatement.cpp
generators/gen_NullLiteral.cpp
generators/gen_CompoundStatement.cpp
generators/gen_FQuadAccessExpression.cpp
generators/gen_LabelTargetStatement.cpp
generators/gen_BrkStatement.cpp
generators/gen_StringAllocationExpression.cpp
generators/gen_PairwiseReductionLoopStatement_registry.cpp
generators/gen_LoopStatement.cpp
generators/gen_CaseStatement.cpp
generators/gen_DefaultStatement.cpp
generators/gen_FloatVectorIndirection.cpp
generators/gen_IfStatement.cpp
generators/gen_FinishStatement.cpp
generators/helpers/gen_coerce_to_arg.cpp
generators/gen_TableExpression.cpp
generators/gen_WhileStatement.cpp
generators/gen_FreeStatement.cpp
generators/gen_Syscall.cpp
generators/gen_FPairAccessExpression.cpp
generators/gen_TestStatement.cpp
generators/gen_LetDeclaration.cpp
generators/gen_EndcaseStatement.cpp
generators/helpers/gen_coerce_to_arg.cpp
generators/helpers/is_float_function_call.cpp
analysis/SymbolDiscoveryPass.cpp
analysis/SymbolTableBuilder.cpp
analysis/Visitors/VariableUsageVisitor.cpp
analysis/SignatureAnalysisVisitor.cpp
analysis/StatelessTypeInference.cpp
analysis/TemporaryVariableFactory.cpp
analysis/az_impl/az_visit_VectorAccess.cpp
analysis/az_impl/az_visit_DefaultStatement.cpp
analysis/az_impl/az_print_report.cpp
analysis/az_impl/az_visit_RoutineCallStatement.cpp
analysis/az_impl/az_visit_CaseStatement.cpp
analysis/az_impl/az_visit_RoutineDeclaration.cpp
analysis/az_impl/az_visit_LaneAccessExpression.cpp
analysis/az_impl/az_visit_TestStatement.cpp
analysis/az_impl/az_first_pass_discover_functions.cpp
analysis/az_impl/az_visit_FreeStatement.cpp
analysis/az_impl/az_visit_Program.cpp
analysis/az_impl/az_visit_VecAllocationExpression.cpp
analysis/az_impl/az_visit_FloatVectorIndirection.cpp
analysis/az_impl/az_visit_FunctionDeclaration.cpp
analysis/az_impl/az_is_local_function.cpp
analysis/az_impl/az_visit_AssignmentStatement.cpp
analysis/az_impl/az_visit_QuadExpression.cpp
analysis/az_impl/az_visit_PairExpression.cpp
analysis/az_impl/az_visit_NewExpression.cpp
analysis/az_impl/az_visit_StringAllocationExpression.cpp
analysis/az_impl/az_visit_OctExpression.cpp
analysis/az_impl/ASTAnalyzer.cpp
analysis/az_impl/az_visit_ConditionalExpression.cpp
analysis/az_impl/az_visit_PairAccessExpression.cpp
analysis/az_impl/az_visit_BinaryOp.cpp
analysis/az_impl/az_visit_FVecAllocationExpression.cpp
analysis/az_impl/az_visit_CompoundStatement.cpp
analysis/az_impl/az_is_leaf_function.cpp
analysis/az_impl/az_visit_UnlessStatement.cpp
analysis/az_impl/az_visit_BlockStatement.cpp
analysis/az_impl/az_visit_StringStatement.cpp
analysis/az_impl/az_get_for_statement.cpp
analysis/az_impl/az_visit_SysCall.cpp
analysis/az_impl/az_get_effective_variable_name.cpp
analysis/az_impl/az_visit_SwitchonStatement.cpp
analysis/az_impl/az_visit_RepeatStatement.cpp
analysis/az_impl/az_visit_ValofExpression.cpp
analysis/az_impl/az_visit_FOctExpression.cpp
analysis/az_impl/az_visit_QuadAccessExpression.cpp
analysis/az_impl/az_visit_ForStatement.cpp
analysis/az_impl/az_reset_state.cpp
analysis/az_impl/az_process_class_methods.cpp
analysis/az_impl/az_is_local_routine.cpp
analysis/az_impl/az_transform_let_declarations.cpp
analysis/az_impl/az_visit_FPairAccessExpression.cpp
analysis/az_impl/az_visit_GlobalDeclaration.cpp
analysis/az_impl/az_transform.cpp
analysis/az_impl/az_visit_ResultisStatement.cpp
analysis/az_impl/az_visit_ManifestDeclaration.cpp
analysis/az_impl/az_visit_FQuadAccessExpression.cpp
analysis/az_impl/az_visit_FQuadExpression.cpp
analysis/az_impl/az_visit_FPairExpression.cpp
analysis/az_impl/az_visit_CharIndirection.cpp
analysis/az_impl/az_visit_LetDeclaration.cpp
analysis/az_impl/az_trivial_accessor.cpp
analysis/az_impl/az_function_accesses_globals.cpp
analysis/az_impl/az_visit_ConditionalBranchStatement.cpp
analysis/az_impl/az_analyze_register_usage.cpp
analysis/az_impl/az_visit_WhileStatement.cpp
analysis/az_impl/az_visit_LabelTargetStatement.cpp
analysis/az_impl/az_visit_IfStatement.cpp
analysis/az_impl/az_visit_FunctionCall.cpp
analysis/az_impl/az_visit_MemberAccessExpression.cpp
analysis/az_impl/az_visit_UnaryOp.cpp
analysis/az_impl/az_visit_UntilStatement.cpp
analysis/az_impl/az_analyze.cpp
analysis/az_impl/az_visit_VariableAccess.cpp
analysis/az_impl/az_visit_class.cpp
analysis/RetainAnalysisPass.cpp
analysis/LinearScanAllocator.cpp
analysis/LiveIntervalPass.cpp
lex_operator.cpp
lex_scanner.cpp
lex_tokens.cpp
lex_utils.cpp
HeapManager/Heap_dumpHeapSignalSafe.cpp
HeapManager/Heap_resizeVec.cpp
HeapManager/Heap_allocObject.cpp
HeapManager/HeapManager.cpp
HeapManager/Heap_allocString.cpp
HeapManager/heap_c_wrappers.cpp
HeapManager/Heap_dumpHeap.cpp
HeapManager/Heap_resizeString.cpp
HeapManager/Heap_free.cpp
HeapManager/Heap_allocList.cpp
HeapManager/Heap_printMetrics.cpp
HeapManager/heap_manager_globals.cpp
HeapManager/Heap_allocVec.cpp
./live_analyze_block.cpp
./live_get_out_set.cpp
./live_compute_use_def_sets.cpp
./live_get_in_set.cpp
./live_run_data_flow_analysis.cpp
./live_print_results.cpp
./live_run.cpp
./SignalSafeUtils.cpp
./SignalHandler.cpp
optimizer/patterns/AddressFusion.cpp
optimizer/patterns/AddFolding.cpp
optimizer/patterns/ConstantFolding.cpp
optimizer/patterns/ControlFlow.cpp
optimizer/patterns/MemoryOptimization.cpp
optimizer/patterns/StrengthReduction.cpp
