
vec_add.o:	file format mach-o arm64

Disassembly of section __TEXT,__text:

0000000000000000 <ltmp0>:
       0: 14000001     	b	0x4 <ltmp0+0x4>
       4: a9b77bfd     	stp	x29, x30, [sp, #-0x90]!
       8: 910003fd     	mov	x29, sp
       c: a90453b3     	stp	x19, x20, [x29, #0x40]
      10: a9055bb5     	stp	x21, x22, [x29, #0x50]
      14: a90663b7     	stp	x23, x24, [x29, #0x60]
      18: a9076bb9     	stp	x25, x26, [x29, #0x70]
      1c: a90873bb     	stp	x27, x28, [x29, #0x80]
      20: d2800149     	mov	x9, #0xa                ; =10
      24: aa0903f4     	mov	x20, x9
      28: d37ff934     	lsl	x20, x9, #1
      2c: aa1403e0     	mov	x0, x20
      30: 94000000     	bl	0x30 <ltmp0+0x30>
      34: aa0003f4     	mov	x20, x0
      38: d1002289     	sub	x9, x20, #0x8
      3c: f9000134     	str	x20, [x9]
      40: aa1403fb     	mov	x27, x20
      44: d2800149     	mov	x9, #0xa                ; =10
      48: aa0903f4     	mov	x20, x9
      4c: d37ff934     	lsl	x20, x9, #1
      50: aa1403e0     	mov	x0, x20
      54: 94000000     	bl	0x54 <ltmp0+0x54>
      58: aa0003f4     	mov	x20, x0
      5c: d1002289     	sub	x9, x20, #0x8
      60: f9000134     	str	x20, [x9]
      64: aa1403fa     	mov	x26, x20
      68: d2800009     	mov	x9, #0x0                ; =0
      6c: aa0903f9     	mov	x25, x9
      70: 14000034     	b	0x140 <ltmp0+0x140>
      74: 14000047     	b	0x190 <ltmp0+0x190>
      78: 90000009     	adrp	x9, 0x0 <ltmp0>
      7c: 91000129     	add	x9, x9, #0x0
      80: f9400129     	ldr	x9, [x9]
      84: aa0903f7     	mov	x23, x9
      88: 90000009     	adrp	x9, 0x0 <ltmp0>
      8c: 91000129     	add	x9, x9, #0x0
      90: f9400129     	ldr	x9, [x9]
      94: aa0903f6     	mov	x22, x9
      98: d37df329     	lsl	x9, x25, #3
      9c: 8b09036a     	add	x10, x27, x9
      a0: f9000157     	str	x23, [x10]
      a4: d37df329     	lsl	x9, x25, #3
      a8: 8b09034a     	add	x10, x26, x9
      ac: f9000156     	str	x22, [x10]
      b0: 1400002f     	b	0x16c <ltmp0+0x16c>
      b4: d100236a     	sub	x10, x27, #0x8
      b8: f9400149     	ldr	x9, [x10]
      bc: eb09029f     	cmp	x20, x9
      c0: 540005e2     	b.hs	0x17c <ltmp0+0x17c>
      c4: aa1403e9     	mov	x9, x20
      c8: d37df129     	lsl	x9, x9, #3
      cc: 8b09036a     	add	x10, x27, x9
      d0: f9400149     	ldr	x9, [x10]
      d4: d100234b     	sub	x11, x26, #0x8
      d8: f940016a     	ldr	x10, [x11]
      dc: eb0a029f     	cmp	x20, x10
      e0: 540004e2     	b.hs	0x17c <ltmp0+0x17c>
      e4: aa1403ea     	mov	x10, x20
      e8: d37df14a     	lsl	x10, x10, #3
      ec: 8b0a034b     	add	x11, x26, x10
      f0: f940016a     	ldr	x10, [x11]
      f4: 8b0a0129     	add	x9, x9, x10
      f8: d37df28a     	lsl	x10, x20, #3
      fc: 8b0a02ab     	add	x11, x21, x10
     100: f9000169     	str	x9, [x11]
     104: 1400001c     	b	0x174 <ltmp0+0x174>
     108: d100236a     	sub	x10, x27, #0x8
     10c: f9400149     	ldr	x9, [x10]
     110: aa0903f8     	mov	x24, x9
     114: aa1803f4     	mov	x20, x24
     118: d37ffb14     	lsl	x20, x24, #1
     11c: aa1403e0     	mov	x0, x20
     120: 94000000     	bl	0x120 <ltmp0+0x120>
     124: aa0003f4     	mov	x20, x0
     128: d1002289     	sub	x9, x20, #0x8
     12c: f9000134     	str	x20, [x9]
     130: aa1403f5     	mov	x21, x20
     134: d2800009     	mov	x9, #0x0                ; =0
     138: aa0903f4     	mov	x20, x9
     13c: 14000006     	b	0x154 <ltmp0+0x154>
     140: aa1903e9     	mov	x9, x25
     144: d280012a     	mov	x10, #0x9               ; =9
     148: eb0a013f     	cmp	x9, x10
     14c: 54fffdec     	b.gt	0x108 <ltmp0+0x108>
     150: 17ffffca     	b	0x78 <ltmp0+0x78>
     154: aa1403e9     	mov	x9, x20
     158: aa1803eb     	mov	x11, x24
     15c: d100056b     	sub	x11, x11, #0x1
     160: eb0b013f     	cmp	x9, x11
     164: 54fff88c     	b.gt	0x74 <ltmp0+0x74>
     168: 17ffffd3     	b	0xb4 <ltmp0+0xb4>
     16c: 91000739     	add	x25, x25, #0x1
     170: 17fffff4     	b	0x140 <ltmp0+0x140>
     174: 91000694     	add	x20, x20, #0x1
     178: 17fffff7     	b	0x154 <ltmp0+0x154>
     17c: d2800000     	mov	x0, #0x0                ; =0
     180: d29fffe1     	mov	x1, #0xffff             ; =65535
     184: d2800002     	mov	x2, #0x0                ; =0
     188: 94000000     	bl	0x188 <ltmp0+0x188>
     18c: d4200000     	brk	#0
     190: a94453b3     	ldp	x19, x20, [x29, #0x40]
     194: a9455bb5     	ldp	x21, x22, [x29, #0x50]
     198: a94663b7     	ldp	x23, x24, [x29, #0x60]
     19c: a9476bb9     	ldp	x25, x26, [x29, #0x70]
     1a0: a94873bb     	ldp	x27, x28, [x29, #0x80]
     1a4: 910003bf     	mov	sp, x29
     1a8: a9407bfd     	ldp	x29, x30, [sp]
     1ac: 910043ff     	add	sp, sp, #0x10
     1b0: d65f03c0     	ret
     1b4: d2861810     	mov	x16, #0x30c0            ; =12480
     1b8: f2a0a4b0     	movk	x16, #0x525, lsl #16
     1bc: f2c00030     	movk	x16, #0x1, lsl #32
     1c0: f2e00010     	movk	x16, #0x0, lsl #48
     1c4: d63f0200     	blr	x16
