
vec_multiply.o:	file format mach-o arm64

Disassembly of section __TEXT,__text:

0000000000000000 <ltmp0>:
       0: 14000001     	b	0x4 <ltmp0+0x4>
       4: a9b67bfd     	stp	x29, x30, [sp, #-0xa0]!
       8: 910003fd     	mov	x29, sp
       c: a904d3b3     	stp	x19, x20, [x29, #0x48]
      10: a905dbb5     	stp	x21, x22, [x29, #0x58]
      14: a906e3b7     	stp	x23, x24, [x29, #0x68]
      18: a907ebb9     	stp	x25, x26, [x29, #0x78]
      1c: a908f3bb     	stp	x27, x28, [x29, #0x88]
      20: 9000001c     	adrp	x28, 0x0 <ltmp0>
      24: 9100039c     	add	x28, x28, #0x0
      28: d2800149     	mov	x9, #0xa                ; =10
      2c: aa0903e0     	mov	x0, x9
      30: 94000000     	bl	0x30 <ltmp0+0x30>
      34: aa0003f4     	mov	x20, x0
      38: f9000fb4     	str	x20, [x29, #0x18]
      3c: d2800149     	mov	x9, #0xa                ; =10
      40: aa0903e0     	mov	x0, x9
      44: 94000000     	bl	0x44 <ltmp0+0x44>
      48: aa0003f4     	mov	x20, x0
      4c: aa1403f7     	mov	x23, x20
      50: d2800009     	mov	x9, #0x0                ; =0
      54: aa0903f6     	mov	x22, x9
      58: 14000032     	b	0x120 <ltmp0+0x120>
      5c: 14000096     	b	0x2b4 <ltmp0+0x2b4>
      60: d100234a     	sub	x10, x26, #0x8
      64: f9400149     	ldr	x9, [x10]
      68: eb0902df     	cmp	x22, x9
      6c: 540011a2     	b.hs	0x2a0 <ltmp0+0x2a0>
      70: aa1603e9     	mov	x9, x22
      74: d37df129     	lsl	x9, x9, #3
      78: 8b09034a     	add	x10, x26, x9
      7c: f9400149     	ldr	x9, [x10]
      80: aa0903fb     	mov	x27, x9
      84: 90000009     	adrp	x9, 0x0 <ltmp0>
      88: 91000129     	add	x9, x9, #0x0
      8c: aa0903e0     	mov	x0, x9
      90: aa1603e1     	mov	x1, x22
      94: aa1b03e2     	mov	x2, x27
      98: 94000000     	bl	0x98 <ltmp0+0x98>
      9c: 1400002b     	b	0x148 <ltmp0+0x148>
      a0: 90000009     	adrp	x9, 0x0 <ltmp0>
      a4: 91000129     	add	x9, x9, #0x0
      a8: f9400129     	ldr	x9, [x9]
      ac: aa0903f4     	mov	x20, x9
      b0: 90000009     	adrp	x9, 0x0 <ltmp0>
      b4: 91000129     	add	x9, x9, #0x0
      b8: f9400129     	ldr	x9, [x9]
      bc: aa0903f3     	mov	x19, x9
      c0: f9400fa9     	ldr	x9, [x29, #0x18]
      c4: d37df2ca     	lsl	x10, x22, #3
      c8: 8b0a012b     	add	x11, x9, x10
      cc: f9000174     	str	x20, [x11]
      d0: d37df2c9     	lsl	x9, x22, #3
      d4: 8b0902ea     	add	x10, x23, x9
      d8: f9000153     	str	x19, [x10]
      dc: 1400001d     	b	0x150 <ltmp0+0x150>
      e0: d10043ff     	sub	sp, sp, #0x10
      e4: f9400fa9     	ldr	x9, [x29, #0x18]
      e8: f90003e9     	str	x9, [sp]
      ec: f94003e0     	ldr	x0, [sp]
      f0: 910043ff     	add	sp, sp, #0x10
      f4: f9400fa9     	ldr	x9, [x29, #0x18]
      f8: d100212b     	sub	x11, x9, #0x8
      fc: f940016a     	ldr	x10, [x11]
     100: aa0a03f8     	mov	x24, x10
     104: aa1803e0     	mov	x0, x24
     108: 94000000     	bl	0x108 <ltmp0+0x108>
     10c: aa0003fb     	mov	x27, x0
     110: aa1b03fa     	mov	x26, x27
     114: d2800009     	mov	x9, #0x0                ; =0
     118: aa0903f9     	mov	x25, x9
     11c: 1400005a     	b	0x284 <ltmp0+0x284>
     120: aa1603e9     	mov	x9, x22
     124: d280012a     	mov	x10, #0x9               ; =9
     128: eb0a013f     	cmp	x9, x10
     12c: 54fffdac     	b.gt	0xe0 <ltmp0+0xe0>
     130: 17ffffdc     	b	0xa0 <ltmp0+0xa0>
     134: aa1603e9     	mov	x9, x22
     138: d280012b     	mov	x11, #0x9               ; =9
     13c: eb0b013f     	cmp	x9, x11
     140: 54fff8ec     	b.gt	0x5c <ltmp0+0x5c>
     144: 17ffffc7     	b	0x60 <ltmp0+0x60>
     148: 910006d6     	add	x22, x22, #0x1
     14c: 17fffffa     	b	0x134 <ltmp0+0x134>
     150: 910006d6     	add	x22, x22, #0x1
     154: 17fffff3     	b	0x120 <ltmp0+0x120>
     158: 90000009     	adrp	x9, 0x0 <ltmp0>
     15c: 91000129     	add	x9, x9, #0x0
     160: aa0903e0     	mov	x0, x9
     164: 94000000     	bl	0x164 <ltmp0+0x164>
     168: 90000009     	adrp	x9, 0x0 <ltmp0>
     16c: 91000129     	add	x9, x9, #0x0
     170: aa0903e0     	mov	x0, x9
     174: d100234a     	sub	x10, x26, #0x8
     178: f9400149     	ldr	x9, [x10]
     17c: aa0903e1     	mov	x1, x9
     180: 94000000     	bl	0x180 <ltmp0+0x180>
     184: 90000009     	adrp	x9, 0x0 <ltmp0>
     188: 91000129     	add	x9, x9, #0x0
     18c: aa0903e0     	mov	x0, x9
     190: 94000000     	bl	0x190 <ltmp0+0x190>
     194: 90000009     	adrp	x9, 0x0 <ltmp0>
     198: 91000129     	add	x9, x9, #0x0
     19c: aa0903e0     	mov	x0, x9
     1a0: 94000000     	bl	0x1a0 <ltmp0+0x1a0>
     1a4: d2800009     	mov	x9, #0x0                ; =0
     1a8: aa0903f6     	mov	x22, x9
     1ac: 17ffffe2     	b	0x134 <ltmp0+0x134>
     1b0: f9400fa9     	ldr	x9, [x29, #0x18]
     1b4: aa1803ea     	mov	x10, x24
     1b8: d100054a     	sub	x10, x10, #0x1
     1bc: d100212c     	sub	x12, x9, #0x8
     1c0: f940018b     	ldr	x11, [x12]
     1c4: eb0b015f     	cmp	x10, x11
     1c8: 540006c2     	b.hs	0x2a0 <ltmp0+0x2a0>
     1cc: aa0a03eb     	mov	x11, x10
     1d0: d37df16b     	lsl	x11, x11, #3
     1d4: 8b0b012c     	add	x12, x9, x11
     1d8: f9400189     	ldr	x9, [x12]
     1dc: aa1803ea     	mov	x10, x24
     1e0: d100054a     	sub	x10, x10, #0x1
     1e4: d10022ec     	sub	x12, x23, #0x8
     1e8: f940018b     	ldr	x11, [x12]
     1ec: eb0b015f     	cmp	x10, x11
     1f0: 54000582     	b.hs	0x2a0 <ltmp0+0x2a0>
     1f4: aa0a03eb     	mov	x11, x10
     1f8: d37df16b     	lsl	x11, x11, #3
     1fc: 8b0b02ec     	add	x12, x23, x11
     200: f940018a     	ldr	x10, [x12]
     204: 9e670120     	fmov	d0, x9
     208: 9e670141     	fmov	d1, x10
     20c: 0ea19c00     	mul.2s	v0, v0, v1
     210: 9e66001b     	fmov	x27, d0
     214: aa1803ea     	mov	x10, x24
     218: d100054a     	sub	x10, x10, #0x1
     21c: d37df14b     	lsl	x11, x10, #3
     220: 8b0b034c     	add	x12, x26, x11
     224: f900019b     	str	x27, [x12]
     228: 17ffffcc     	b	0x158 <ltmp0+0x158>
     22c: f9400faa     	ldr	x10, [x29, #0x18]
     230: d37df334     	lsl	x20, x25, #3
     234: 8b14014a     	add	x10, x10, x20
     238: 3dc00140     	ldr	q0, [x10]
     23c: cb14014a     	sub	x10, x10, x20
     240: 8b1402f7     	add	x23, x23, x20
     244: 3dc002e1     	ldr	q1, [x23]
     248: cb1402f7     	sub	x23, x23, x20
     24c: 4ea19c02     	mul.4s	v2, v0, v1
     250: 8b14035a     	add	x26, x26, x20
     254: 3d800342     	str	q2, [x26]
     258: cb14035a     	sub	x26, x26, x20
     25c: 91000b39     	add	x25, x25, #0x2
     260: 14000009     	b	0x284 <ltmp0+0x284>
     264: aa1803eb     	mov	x11, x24
     268: d280002c     	mov	x12, #0x1               ; =1
     26c: 8a0c016b     	and	x11, x11, x12
     270: f100057f     	cmp	x11, #0x1
     274: 9a9f17ec     	cset	x12, eq
     278: eb1f019f     	cmp	x12, xzr
     27c: 54fff6e0     	b.eq	0x158 <ltmp0+0x158>
     280: 17ffffcc     	b	0x1b0 <ltmp0+0x1b0>
     284: aa1803eb     	mov	x11, x24
     288: d100096b     	sub	x11, x11, #0x2
     28c: eb0b033f     	cmp	x25, x11
     290: 9a9fc7ed     	cset	x13, le
     294: eb1f01bf     	cmp	x13, xzr
     298: 54fffe60     	b.eq	0x264 <ltmp0+0x264>
     29c: 17ffffe4     	b	0x22c <ltmp0+0x22c>
     2a0: d2800000     	mov	x0, #0x0                ; =0
     2a4: d29fffe1     	mov	x1, #0xffff             ; =65535
     2a8: d2800002     	mov	x2, #0x0                ; =0
     2ac: 94000000     	bl	0x2ac <ltmp0+0x2ac>
     2b0: d4200000     	brk	#0
     2b4: a944d3b3     	ldp	x19, x20, [x29, #0x48]
     2b8: a945dbb5     	ldp	x21, x22, [x29, #0x58]
     2bc: a946e3b7     	ldp	x23, x24, [x29, #0x68]
     2c0: a947ebb9     	ldp	x25, x26, [x29, #0x78]
     2c4: a948f3bb     	ldp	x27, x28, [x29, #0x88]
     2c8: 910003bf     	mov	sp, x29
     2cc: a9407bfd     	ldp	x29, x30, [sp]
     2d0: 910043ff     	add	sp, sp, #0x10
     2d4: d65f03c0     	ret
     2d8: d29a0610     	mov	x16, #0xd030            ; =53296
     2dc: f2a01b10     	movk	x16, #0xd8, lsl #16
     2e0: f2c00030     	movk	x16, #0x1, lsl #32
     2e4: f2e00010     	movk	x16, #0x0, lsl #48
     2e8: d63f0200     	blr	x16
